MPLINK 4.49, Linker
Linker Map File - Created Wed Oct 27 01:35:01 2021

                                 Section Info
                  Section       Type    Address   Location Size(Bytes)
                ---------  ---------  ---------  ---------  ---------
                   .org_0       code   0x000000    program   0x000000
                   .org_1       code   0x000000    program   0x000002
                   .org_2       code   0x000004    program   0x000040
.config_2007_SOURCE_AULA011.O       code   0x002007    program   0x000002



                              Program Memory Usage 
                               Start         End      
                           ---------   ---------      
                            0x000000    0x000000      
                            0x000004    0x000023      
                            0x002007    0x002007      
            34 out of 1094 program addresses used, program memory utilization is 3%



                              Symbols - Sorted by Name
                     Name    Address   Location    Storage File                     
                ---------  ---------  ---------  --------- ---------                
                     Aux1   0x000016    program     static C:\Users\BFTC\Desktop\D.S.O.S\Systems\PIC Assembly Programming\Source-Code\Projeto010\source_aula011.asm
                     Aux2   0x000018    program     static C:\Users\BFTC\Desktop\D.S.O.S\Systems\PIC Assembly Programming\Source-Code\Projeto010\source_aula011.asm
               Delay500ms   0x000014    program     static C:\Users\BFTC\Desktop\D.S.O.S\Systems\PIC Assembly Programming\Source-Code\Projeto010\source_aula011.asm
                     loop   0x00000d    program     static C:\Users\BFTC\Desktop\D.S.O.S\Systems\PIC Assembly Programming\Source-Code\Projeto010\source_aula011.asm
                    start   0x000005    program     static C:\Users\BFTC\Desktop\D.S.O.S\Systems\PIC Assembly Programming\Source-Code\Projeto010\source_aula011.asm



                              Symbols - Sorted by Address
                     Name    Address   Location    Storage File                     
                ---------  ---------  ---------  --------- ---------                
                    start   0x000005    program     static C:\Users\BFTC\Desktop\D.S.O.S\Systems\PIC Assembly Programming\Source-Code\Projeto010\source_aula011.asm
                     loop   0x00000d    program     static C:\Users\BFTC\Desktop\D.S.O.S\Systems\PIC Assembly Programming\Source-Code\Projeto010\source_aula011.asm
               Delay500ms   0x000014    program     static C:\Users\BFTC\Desktop\D.S.O.S\Systems\PIC Assembly Programming\Source-Code\Projeto010\source_aula011.asm
                     Aux1   0x000016    program     static C:\Users\BFTC\Desktop\D.S.O.S\Systems\PIC Assembly Programming\Source-Code\Projeto010\source_aula011.asm
                     Aux2   0x000018    program     static C:\Users\BFTC\Desktop\D.S.O.S\Systems\PIC Assembly Programming\Source-Code\Projeto010\source_aula011.asm


