MPLINK 4.49, Linker
Linker Map File - Created Wed Nov 10 15:47:22 2021

                                 Section Info
                  Section       Type    Address   Location Size(Bytes)
                ---------  ---------  ---------  ---------  ---------
                   .org_0       code   0x000000    program   0x000000
                   .org_1       code   0x000000    program   0x000002
                   .org_2       code   0x000004    program   0x00003c
    .config_2007_AULA06.O       code   0x002007    program   0x000002



                              Program Memory Usage 
                               Start         End      
                           ---------   ---------      
                            0x000000    0x000000      
                            0x000004    0x000021      
                            0x002007    0x002007      
            32 out of 2182 program addresses used, program memory utilization is 1%



                              Symbols - Sorted by Name
                     Name    Address   Location    Storage File                     
                ---------  ---------  ---------  --------- ---------                
                   inicio   0x000014    program     static C:\Users\BFTC\Desktop\D.S.O.S\Systems\PIC Assembly Programming\Source-Code\ProjetoENG421_Aula6\Aula06.asm
                     loop   0x000020    program     static C:\Users\BFTC\Desktop\D.S.O.S\Systems\PIC Assembly Programming\Source-Code\ProjetoENG421_Aula6\Aula06.asm
                     sair   0x00000f    program     static C:\Users\BFTC\Desktop\D.S.O.S\Systems\PIC Assembly Programming\Source-Code\ProjetoENG421_Aula6\Aula06.asm



                              Symbols - Sorted by Address
                     Name    Address   Location    Storage File                     
                ---------  ---------  ---------  --------- ---------                
                     sair   0x00000f    program     static C:\Users\BFTC\Desktop\D.S.O.S\Systems\PIC Assembly Programming\Source-Code\ProjetoENG421_Aula6\Aula06.asm
                   inicio   0x000014    program     static C:\Users\BFTC\Desktop\D.S.O.S\Systems\PIC Assembly Programming\Source-Code\ProjetoENG421_Aula6\Aula06.asm
                     loop   0x000020    program     static C:\Users\BFTC\Desktop\D.S.O.S\Systems\PIC Assembly Programming\Source-Code\ProjetoENG421_Aula6\Aula06.asm


