MPASM  5.51                        AULA06.ASM   11-10-2021  15:47:20         PAGE  1


LOC  OBJECT CODE     LINE SOURCE TEXT
  VALUE

                      00001  list p = 16f628A
                      00002  
                      00003  #include <p16f628a.inc>
                      00001         LIST
                      00002 
                      00003 ;==========================================================================
                      00004 ;  MPASM PIC16F628A processor include
                      00005 ; 
                      00006 ;  (c) Copyright 1999-2013 Microchip Technology, All rights reserved
                      00007 ;==========================================================================
                      00008 
                      00385         LIST
                      00004 
Warning[205]: Found directive in column 1. (__config)
2007   3F01           00005 __config _XT_OSC & _WDT_OFF & _PWRTE_ON & _BOREN_OFF & _LVP_OFF & _CPD_OFF & _CP_OFF & _MCLRE_OFF
                      00006 
                      00007 #define banco1 bsf STATUS,RP0
                      00008 #define banco0 bcf STATUS,RP0
                      00009 #define led_d1  PORTB,RB1
                      00010 #define led_d2  PORTA,RA4
                      00011 
                      00012 ; Registros de propósitos gerais
Warning[205]: Found directive in column 1. (cblock)
                      00013 cblock          H'20'
  00000020            00014         W_TEMP                  ;0x20
  00000021            00015         STATUS_TEMP             ;0x21
                      00016 
Warning[205]: Found directive in column 1. (ENDC)
                      00017 endc
                      00018 
                      00019 ; Vetor de RESET
0000                  00020                 org     0000h
0000   2814           00021                 goto    inicio
                      00022 
                      00023 ; Vetor de INTERRUPÇÃO
0004                  00024                 org     0004h
                      00025 
                      00026 ; Salvar Contexto (STATUS,W)
                      00027 ; no banco 0
0004   00A0           00028         movwf   W_TEMP    ; P. EX.: W = 0010 1011 então W_TEMP = 0010 1011
0005   0E03           00029         swapf   STATUS,W  ; P. EX.: STATUS = 0001 0000 -> swap -> STATUS = 0000 0001
                      00030                                           ; Não altera nenhum BIT do STATUS (movf & movwf altera)
0006   1283           00031         banco0
0007   00A1           00032         movwf   STATUS_TEMP  ; P. EX.: STATUS_TEMP = 0000 0001
                      00033 ; ---- ISR -------------------------
                      00034 
                      00035 ; tratamento da interrupção
                      00036 
0008   1C8B           00037         btfss   INTCON,INTF  ; verifique se o BIT INTF do Registro INTCON é igual a 1
0009   280F           00038         goto    sair
000A   108B           00039         bcf     INTCON,INTF  ; Limpe o BIT da interrupção
                      00040 
                      00041         ;comf   PORTA,F
MPASM  5.51                        AULA06.ASM   11-10-2021  15:47:20         PAGE  2


LOC  OBJECT CODE     LINE SOURCE TEXT
  VALUE

                      00042         ;comf   PORTB,F
000B   3A08           00043         xorlw   B'00001000'
000C   0685           00044         xorwf   PORTA,F
000D   3A02           00045         xorlw   B'00000010'
000E   0686           00046         xorwf   PORTB,F
                      00047         
000F                  00048 sair:
                      00049 ; -----------------------------------
000F   0E21           00050         swapf   STATUS_TEMP,W  ; P. EX.: STATUS_TEMP = 0001 0000 --> W
0010   0083           00051         movwf   STATUS
0011   0EA0           00052         swapf   W_TEMP,F       ; P. EX.: W_TEMP = 1011 0010
0012   0E20           00053         swapf   W_TEMP,W       ; W = 0010 1011
                      00054                                                    ; Substitui a instrução movf W_TEMP, que modifica o B
                            IT Z do STATUS
                      00055         
0013   0009           00056         retfie
                      00057 
                      00058 
                      00059 
                      00060 
                      00061 ; Fim da Interrupção
                      00062 
0014                  00063 inicio:
0014   1683           00064         banco1
0015   30C0           00065         movlw   B'11000000'   ; OPTION_REG = 0xC0
Message[302]: Register in operand not in bank 0.  Ensure that bank bits are correct.
0016   0081           00066         movwf   OPTION_REG    ; Desabilitou os pull-ups/Interrupção por transição de subida (rising)
0017   3000           00067         movlw   B'00000000'   ; TRISA = 0x00
Message[302]: Register in operand not in bank 0.  Ensure that bank bits are correct.
0018   0085           00068         movwf   TRISA             ; Todos como saída
0019   3001           00069         movlw   H'01'             ; TRISB = 0x01
Message[302]: Register in operand not in bank 0.  Ensure that bank bits are correct.
001A   0086           00070         movwf   TRISB             ; Apenas RB0/INT como entrada
001B   1283           00071         banco0
                      00072         
001C   3090           00073         movlw   B'10010000'   ; INTCON = 0x90; Global Int e Extern Int
001D   008B           00074         movwf   INTCON            ; Habilita as insterrupções externas
                      00075         ;movlw  H'07'
                      00076         ;movwf  CMCON           ; Desabilita os comparadores de PORTA
                      00077 
001E   1605           00078         bsf     led_d2          ; Ligar LED D2
001F   1486           00079         bsf     led_d1          ; Ligar LED D1
0020                  00080 loop:
                      00081 
0020   3032           00082         movlw   D'50'
0021   2820           00083         goto    loop
                      00084         
Warning[205]: Found directive in column 1. (end)
                      00085 end
MPASM  5.51                        AULA06.ASM   11-10-2021  15:47:20         PAGE  3


SYMBOL TABLE
  LABEL                             VALUE 

ADDEN                             00000003
ADEN                              00000003
BRGH                              00000002
C                                 00000000
C1INV                             00000004
C1OUT                             00000006
C2INV                             00000005
C2OUT                             00000007
CCP1CON                           00000017
CCP1IE                            00000002
CCP1IF                            00000002
CCP1M0                            00000000
CCP1M1                            00000001
CCP1M2                            00000002
CCP1M3                            00000003
CCP1X                             00000005
CCP1Y                             00000004
CCPR1                             00000015
CCPR1H                            00000016
CCPR1L                            00000015
CIS                               00000003
CM0                               00000000
CM1                               00000001
CM2                               00000002
CMCON                             0000001F
CMIE                              00000006
CMIF                              00000006
CREN                              00000004
CSRC                              00000007
DATA_CP_OFF                       00003FFF
DATA_CP_ON                        00003EFF
DC                                00000001
EEADR                             0000009B
EECON1                            0000009C
EECON2                            0000009D
EEDATA                            0000009A
EEIE                              00000007
EEIF                              00000007
F                                 00000001
FERR                              00000002
FSR                               00000004
GIE                               00000007
INDF                              00000000
INTCON                            0000000B
INTE                              00000004
INTEDG                            00000006
INTF                              00000001
IRP                               00000007
NOT_BO                            00000000
NOT_BOD                           00000000
NOT_BOR                           00000000
NOT_PD                            00000003
NOT_POR                           00000001
MPASM  5.51                        AULA06.ASM   11-10-2021  15:47:20         PAGE  4


SYMBOL TABLE
  LABEL                             VALUE 

NOT_RBPU                          00000007
NOT_T1SYNC                        00000002
NOT_TO                            00000004
OERR                              00000001
OPTION_REG                        00000081
OSCF                              00000003
PCL                               00000002
PCLATH                            0000000A
PCON                              0000008E
PEIE                              00000006
PIE1                              0000008C
PIR1                              0000000C
PORTA                             00000005
PORTB                             00000006
PR2                               00000092
PS0                               00000000
PS1                               00000001
PS2                               00000002
PSA                               00000003
RA0                               00000000
RA1                               00000001
RA2                               00000002
RA3                               00000003
RA4                               00000004
RA5                               00000005
RA6                               00000006
RA7                               00000007
RB0                               00000000
RB1                               00000001
RB2                               00000002
RB3                               00000003
RB4                               00000004
RB5                               00000005
RB6                               00000006
RB7                               00000007
RBIE                              00000003
RBIF                              00000000
RCIE                              00000005
RCIF                              00000005
RCREG                             0000001A
RCSTA                             00000018
RD                                00000000
RP0                               00000005
RP1                               00000006
RX9                               00000006
RX9D                              00000000
SPBRG                             00000099
SPEN                              00000007
SREN                              00000005
STATUS                            00000003
STATUS_TEMP                       00000021
SYNC                              00000004
T0CS                              00000005
MPASM  5.51                        AULA06.ASM   11-10-2021  15:47:20         PAGE  5


SYMBOL TABLE
  LABEL                             VALUE 

T0IE                              00000005
T0IF                              00000002
T0SE                              00000004
T1CKPS0                           00000004
T1CKPS1                           00000005
T1CON                             00000010
T1OSCEN                           00000003
T2CKPS0                           00000000
T2CKPS1                           00000001
T2CON                             00000012
TMR0                              00000001
TMR0IE                            00000005
TMR0IF                            00000002
TMR1                              0000000E
TMR1CS                            00000001
TMR1H                             0000000F
TMR1IE                            00000000
TMR1IF                            00000000
TMR1L                             0000000E
TMR1ON                            00000000
TMR2                              00000011
TMR2IE                            00000001
TMR2IF                            00000001
TMR2ON                            00000002
TOUTPS0                           00000003
TOUTPS1                           00000004
TOUTPS2                           00000005
TOUTPS3                           00000006
TRISA                             00000085
TRISA0                            00000000
TRISA1                            00000001
TRISA2                            00000002
TRISA3                            00000003
TRISA4                            00000004
TRISA5                            00000005
TRISA6                            00000006
TRISA7                            00000007
TRISB                             00000086
TRISB0                            00000000
TRISB1                            00000001
TRISB2                            00000002
TRISB3                            00000003
TRISB4                            00000004
TRISB5                            00000005
TRISB6                            00000006
TRISB7                            00000007
TRMT                              00000001
TX9                               00000006
TX9D                              00000000
TXEN                              00000005
TXIE                              00000004
TXIF                              00000004
TXREG                             00000019
MPASM  5.51                        AULA06.ASM   11-10-2021  15:47:20         PAGE  6


SYMBOL TABLE
  LABEL                             VALUE 

TXSTA                             00000098
VR0                               00000000
VR1                               00000001
VR2                               00000002
VR3                               00000003
VRCON                             0000009F
VREN                              00000007
VROE                              00000006
VRR                               00000005
W                                 00000000
WR                                00000001
WREN                              00000002
WRERR                             00000003
W_TEMP                            00000020
Z                                 00000002
_BODEN_OFF                        00003FBF
_BODEN_ON                         00003FFF
_BOREN_OFF                        00003FBF
_BOREN_ON                         00003FFF
_CONFIG                           00002007
_CPD_OFF                          00003FFF
_CPD_ON                           00003EFF
_CP_OFF                           00003FFF
_CP_ON                            00001FFF
_DEVID1                           00002006
_ER_OSC_CLKOUT                    00003FFF
_ER_OSC_NOCLKOUT                  00003FFE
_EXTCLK_OSC                       00003FEF
_FOSC_ECIO                        00003FEF
_FOSC_EXTRCCLK                    00003FFF
_FOSC_EXTRCIO                     00003FFE
_FOSC_HS                          00003FEE
_FOSC_INTOSCCLK                   00003FFD
_FOSC_INTOSCIO                    00003FFC
_FOSC_LP                          00003FEC
_FOSC_XT                          00003FED
_HS_OSC                           00003FEE
_IDLOC0                           00002000
_IDLOC1                           00002001
_IDLOC2                           00002002
_IDLOC3                           00002003
_INTOSC_OSC_CLKOUT                00003FFD
_INTOSC_OSC_NOCLKOUT              00003FFC
_INTRC_OSC_CLKOUT                 00003FFD
_INTRC_OSC_NOCLKOUT               00003FFC
_LP_OSC                           00003FEC
_LVP_OFF                          00003F7F
_LVP_ON                           00003FFF
_MCLRE_OFF                        00003FDF
_MCLRE_ON                         00003FFF
_PWRTE_OFF                        00003FFF
_PWRTE_ON                         00003FF7
_RC_OSC_CLKOUT                    00003FFF
MPASM  5.51                        AULA06.ASM   11-10-2021  15:47:20         PAGE  7


SYMBOL TABLE
  LABEL                             VALUE 

_RC_OSC_NOCLKOUT                  00003FFE
_WDTE_OFF                         00003FFB
_WDTE_ON                          00003FFF
_WDT_OFF                          00003FFB
_WDT_ON                           00003FFF
_XT_OSC                           00003FED
__16F628A                         00000001
__DEBUG                           1
banco0                            bcf STATUS,RP0
banco1                            bsf STATUS,RP0
inicio                            00000014
led_d1                            PORTB,RB1
led_d2                            PORTA,RA4
loop                              00000020
sair                              0000000F


MEMORY USAGE MAP ('X' = Used,  '-' = Unused)

0000 : X---XXXXXXXXXXXX XXXXXXXXXXXXXXXX XX-------------- ----------------
2000 : -------X-------- ---------------- ---------------- ----------------

All other memory blocks unused.

Program Memory Words Used:    31
Program Memory Words Free:  2017


Errors   :     0
Warnings :     4 reported,     0 suppressed
Messages :     3 reported,     0 suppressed

