MPLINK 4.49, Linker
Linker Map File - Created Tue Nov 16 15:33:45 2021

                                 Section Info
                  Section       Type    Address   Location Size(Bytes)
                ---------  ---------  ---------  ---------  ---------
                   .org_0       code   0x000000    program   0x000000
                   .org_1       code   0x000000    program   0x000002
                   .org_2       code   0x000004    program   0x000040
.config_2007_TRM2_REGISTER.O       code   0x002007    program   0x000002



                              Program Memory Usage 
                               Start         End      
                           ---------   ---------      
                            0x000000    0x000000      
                            0x000004    0x000023      
                            0x002007    0x002007      
            34 out of 2182 program addresses used, program memory utilization is 1%



                              Symbols - Sorted by Name
                     Name    Address   Location    Storage File                     
                ---------  ---------  ---------  --------- ---------                
                   inicio   0x000012    program     static C:\Users\BFTC\Desktop\D.S.O.S\Systems\PIC Assembly Programming\Source-Code\ProjetoENG421_Especial\Proj_Aula7\trm2_register.asm
                     loop   0x000021    program     static C:\Users\BFTC\Desktop\D.S.O.S\Systems\PIC Assembly Programming\Source-Code\ProjetoENG421_Especial\Proj_Aula7\trm2_register.asm
                     sair   0x00000d    program     static C:\Users\BFTC\Desktop\D.S.O.S\Systems\PIC Assembly Programming\Source-Code\ProjetoENG421_Especial\Proj_Aula7\trm2_register.asm



                              Symbols - Sorted by Address
                     Name    Address   Location    Storage File                     
                ---------  ---------  ---------  --------- ---------                
                     sair   0x00000d    program     static C:\Users\BFTC\Desktop\D.S.O.S\Systems\PIC Assembly Programming\Source-Code\ProjetoENG421_Especial\Proj_Aula7\trm2_register.asm
                   inicio   0x000012    program     static C:\Users\BFTC\Desktop\D.S.O.S\Systems\PIC Assembly Programming\Source-Code\ProjetoENG421_Especial\Proj_Aula7\trm2_register.asm
                     loop   0x000021    program     static C:\Users\BFTC\Desktop\D.S.O.S\Systems\PIC Assembly Programming\Source-Code\ProjetoENG421_Especial\Proj_Aula7\trm2_register.asm


