MPLINK 4.49, Linker
Linker Map File - Created Tue Nov 02 12:31:57 2021

                                 Section Info
                  Section       Type    Address   Location Size(Bytes)
                ---------  ---------  ---------  ---------  ---------
                   .org_0       code   0x000000    program   0x000000
                   .org_1       code   0x000000    program   0x000002
                   .org_2       code   0x000004    program   0x000096
.config_2007_SEMAFORO_BOTAO_LED.O       code   0x002007    program   0x000002



                              Program Memory Usage 
                               Start         End      
                           ---------   ---------      
                            0x000000    0x000000      
                            0x000004    0x00004e      
                            0x002007    0x002007      
            77 out of 2182 program addresses used, program memory utilization is 3%



                              Symbols - Sorted by Name
                     Name    Address   Location    Storage File                     
                ---------  ---------  ---------  --------- ---------                
                 Delay1Hz   0x00002d    program     static C:\Users\BFTC\Desktop\ListaExerciciosN2\ProjetoQ3\Semaforo_Botao_Led.asm
                 DelayXHz   0x00003f    program     static C:\Users\BFTC\Desktop\ListaExerciciosN2\ProjetoQ3\Semaforo_Botao_Led.asm
           InicioPrograma   0x000005    program     static C:\Users\BFTC\Desktop\ListaExerciciosN2\ProjetoQ3\Semaforo_Botao_Led.asm
            PedestreBotao   0x000018    program     static C:\Users\BFTC\Desktop\ListaExerciciosN2\ProjetoQ3\Semaforo_Botao_Led.asm
           PedestreChegou   0x000029    program     static C:\Users\BFTC\Desktop\ListaExerciciosN2\ProjetoQ3\Semaforo_Botao_Led.asm
         PedestrePassando   0x00001d    program     static C:\Users\BFTC\Desktop\ListaExerciciosN2\ProjetoQ3\Semaforo_Botao_Led.asm
              PisqueSinal   0x00001f    program     static C:\Users\BFTC\Desktop\ListaExerciciosN2\ProjetoQ3\Semaforo_Botao_Led.asm
                    Time0   0x00002e    program     static C:\Users\BFTC\Desktop\ListaExerciciosN2\ProjetoQ3\Semaforo_Botao_Led.asm
                    Time1   0x000030    program     static C:\Users\BFTC\Desktop\ListaExerciciosN2\ProjetoQ3\Semaforo_Botao_Led.asm
                    Time2   0x000032    program     static C:\Users\BFTC\Desktop\ListaExerciciosN2\ProjetoQ3\Semaforo_Botao_Led.asm
                 Time50_1   0x000040    program     static C:\Users\BFTC\Desktop\ListaExerciciosN2\ProjetoQ3\Semaforo_Botao_Led.asm
                 Time50_2   0x000042    program     static C:\Users\BFTC\Desktop\ListaExerciciosN2\ProjetoQ3\Semaforo_Botao_Led.asm
         VeiculosPassando   0x000012    program     static C:\Users\BFTC\Desktop\ListaExerciciosN2\ProjetoQ3\Semaforo_Botao_Led.asm



                              Symbols - Sorted by Address
                     Name    Address   Location    Storage File                     
                ---------  ---------  ---------  --------- ---------                
           InicioPrograma   0x000005    program     static C:\Users\BFTC\Desktop\ListaExerciciosN2\ProjetoQ3\Semaforo_Botao_Led.asm
         VeiculosPassando   0x000012    program     static C:\Users\BFTC\Desktop\ListaExerciciosN2\ProjetoQ3\Semaforo_Botao_Led.asm
            PedestreBotao   0x000018    program     static C:\Users\BFTC\Desktop\ListaExerciciosN2\ProjetoQ3\Semaforo_Botao_Led.asm
         PedestrePassando   0x00001d    program     static C:\Users\BFTC\Desktop\ListaExerciciosN2\ProjetoQ3\Semaforo_Botao_Led.asm
              PisqueSinal   0x00001f    program     static C:\Users\BFTC\Desktop\ListaExerciciosN2\ProjetoQ3\Semaforo_Botao_Led.asm
           PedestreChegou   0x000029    program     static C:\Users\BFTC\Desktop\ListaExerciciosN2\ProjetoQ3\Semaforo_Botao_Led.asm
                 Delay1Hz   0x00002d    program     static C:\Users\BFTC\Desktop\ListaExerciciosN2\ProjetoQ3\Semaforo_Botao_Led.asm
                    Time0   0x00002e    program     static C:\Users\BFTC\Desktop\ListaExerciciosN2\ProjetoQ3\Semaforo_Botao_Led.asm
                    Time1   0x000030    program     static C:\Users\BFTC\Desktop\ListaExerciciosN2\ProjetoQ3\Semaforo_Botao_Led.asm
                    Time2   0x000032    program     static C:\Users\BFTC\Desktop\ListaExerciciosN2\ProjetoQ3\Semaforo_Botao_Led.asm
                 DelayXHz   0x00003f    program     static C:\Users\BFTC\Desktop\ListaExerciciosN2\ProjetoQ3\Semaforo_Botao_Led.asm
                 Time50_1   0x000040    program     static C:\Users\BFTC\Desktop\ListaExerciciosN2\ProjetoQ3\Semaforo_Botao_Led.asm
                 Time50_2   0x000042    program     static C:\Users\BFTC\Desktop\ListaExerciciosN2\ProjetoQ3\Semaforo_Botao_Led.asm


