MPLINK 4.49, Linker
Linker Map File - Created Mon Nov 01 21:26:44 2021

                                 Section Info
                  Section       Type    Address   Location Size(Bytes)
                ---------  ---------  ---------  ---------  ---------
                   .org_0       code   0x000000    program   0x000000
                   .org_1       code   0x000000    program   0x000002
                   .org_2       code   0x000004    program   0x00004e
.config_2007_BOTAO_DELAY_LED.O       code   0x002007    program   0x000002



                              Program Memory Usage 
                               Start         End      
                           ---------   ---------      
                            0x000000    0x000000      
                            0x000004    0x00002a      
                            0x002007    0x002007      
            41 out of 2182 program addresses used, program memory utilization is 1%



                              Symbols - Sorted by Name
                     Name    Address   Location    Storage File                     
                ---------  ---------  ---------  --------- ---------                
                  Delay2S   0x000015    program     static C:\Users\BFTC\Desktop\ListaExerciciosN2\ProjetoQ2\Botao_Delay_LED.asm
              EspereBotao   0x000010    program     static C:\Users\BFTC\Desktop\ListaExerciciosN2\ProjetoQ2\Botao_Delay_LED.asm
           InicioPrograma   0x000005    program     static C:\Users\BFTC\Desktop\ListaExerciciosN2\ProjetoQ2\Botao_Delay_LED.asm
                    Time0   0x000018    program     static C:\Users\BFTC\Desktop\ListaExerciciosN2\ProjetoQ2\Botao_Delay_LED.asm
                    Time1   0x00001a    program     static C:\Users\BFTC\Desktop\ListaExerciciosN2\ProjetoQ2\Botao_Delay_LED.asm
                    Time2   0x00001c    program     static C:\Users\BFTC\Desktop\ListaExerciciosN2\ProjetoQ2\Botao_Delay_LED.asm



                              Symbols - Sorted by Address
                     Name    Address   Location    Storage File                     
                ---------  ---------  ---------  --------- ---------                
           InicioPrograma   0x000005    program     static C:\Users\BFTC\Desktop\ListaExerciciosN2\ProjetoQ2\Botao_Delay_LED.asm
              EspereBotao   0x000010    program     static C:\Users\BFTC\Desktop\ListaExerciciosN2\ProjetoQ2\Botao_Delay_LED.asm
                  Delay2S   0x000015    program     static C:\Users\BFTC\Desktop\ListaExerciciosN2\ProjetoQ2\Botao_Delay_LED.asm
                    Time0   0x000018    program     static C:\Users\BFTC\Desktop\ListaExerciciosN2\ProjetoQ2\Botao_Delay_LED.asm
                    Time1   0x00001a    program     static C:\Users\BFTC\Desktop\ListaExerciciosN2\ProjetoQ2\Botao_Delay_LED.asm
                    Time2   0x00001c    program     static C:\Users\BFTC\Desktop\ListaExerciciosN2\ProjetoQ2\Botao_Delay_LED.asm


